// Jest Snapshot v1, https://goo.gl/fbAQLP

exports[`should render the ExpenseListItem with expense 1`] = `
<div>
  <Link
    replace={false}
    to="/edit/1"
  >
    <h3>
      abc
    </h3>
  </Link>
  <p>
    $1.00
    -
    December 31st, 1969
  </p>
</div>
`;
